---
source: tests/bundled_automations_panel.rs
expression: "view_tree_record::tree(&native)"
---
list cursor=0 scrollbar=false
  line
    text " ● " secondary
    text "nightly sync" secondary
    text " — daily 09:00 · spawn · in 2m " secondary
  line
    text " ○ " muted
    text "paused one" muted
    text " — daily 09:00 · spawn · disabled " muted
  line
    text " ○ " muted
    text "disabled but scheduled" muted
    text " — daily 09:00 · spawn · disabled " muted
