---
source: tests/v2_snapshots.rs
expression: "paint(&host, \"agent\", 60, 10)"
---
╭ ◀ F9 ─ Agent ─ Shell · F8 ── fix-osc52 (claude) [feat/fi…╮
│                                                          │
│                                                          │
│                     terminal surface                     │
│                            fix                           │
│                       not attached                       │
│                                                          │
│                                                          │
│                                                          │
╰──────────────────────────────────────────────────────────╯
