---
source: tests/v2_snapshots.rs
expression: "paint(&host, \"agent\", 50, 8)"
---
┌ No Session ────────────────────────────────────┐
│       ┌───────────────────────────────┐        │
│       │No active sessions             │        │
│       │                               │        │
│       │  F1      Help                 │        │
│       └───────────────────────────────┘        │
│                                                │
└────────────────────────────────────────────────┘
