---
source: tests/v2_snapshots.rs
expression: "paint(&host, \"agent\", 70, 10)"
---
╭ ◀ F9 ─ Agent ─ Shell · F8 ── fix-osc52 (claude) [feat/fix-osc52] […╮
│                                                                    │
│                                                                    │
│                                                                    │
│                          no live terminal                          │
│                        can't find pane: %45                        │
│                                                                    │
│                                                                    │
│                                                                    │
╰────────────────────────────────────────────────────────────────────╯
